// Jest Snapshot v1, https://goo.gl/fbAQLP

exports[`<PaddingBox/> renders correctly with default props 1`] = `
<div
  className="PaddingBoxStyled-iihoJa XBFUB"
/>
`;
