// Jest Snapshot v1, https://goo.gl/fbAQLP

exports[`<Tooltip/> handles window resize and unmount 1`] = `
<div
  className="TooltipWrapperStyled-bbojNX dYBBeP"
  style={
    Object {
      "left": 0,
      "top": 0,
    }
  }
>
  <div
    className="TooltipStyled-fwSOCa jWYZLO"
  >
    <div
      className="TooltipContentStyled-gSiEuD cVNrIB"
    >
      
    </div>
  </div>
</div>
`;

exports[`<Tooltip/> handles window resize and unmount 2`] = `
<div
  className="TooltipWrapperStyled-bbojNX dYBBeP"
  style={
    Object {
      "left": 0,
      "top": 0,
    }
  }
>
  <div
    className="TooltipStyled-fwSOCa jWYZLO"
  >
    <div
      className="TooltipContentStyled-gSiEuD cVNrIB"
    >
      
    </div>
  </div>
</div>
`;

exports[`<Tooltip/> renders correctly if prop isVisible set true 1`] = `
<div
  className="TooltipWrapperStyled-bbojNX dYBBeP"
  style={
    Object {
      "left": 0,
      "top": 0,
    }
  }
>
  <div
    className="TooltipStyled-fwSOCa jWYZLO"
  >
    <div
      className="TooltipContentStyled-gSiEuD cVNrIB"
    >
      
    </div>
  </div>
</div>
`;

exports[`<Tooltip/> renders correctly with default props 1`] = `null`;

exports[`withTooltip renders correctly and calls instance methods 1`] = `null`;
